../Core/Src/main.c:89:5:main	8	static
../Core/Src/main.c:154:6:SystemClock_Config	88	static
../Core/Src/main.c:196:13:MX_SPI1_Init	8	static
../Core/Src/main.c:234:13:MX_UART4_Init	8	static
../Core/Src/main.c:267:13:MX_UART5_Init	8	static
../Core/Src/main.c:300:13:MX_USART1_UART_Init	8	static
../Core/Src/main.c:333:13:MX_GPIO_Init	48	static
../Core/Src/main.c:383:6:receivedFromBase	8	static
../Core/Src/main.c:394:6:sendToAOCS	16	static
../Core/Src/main.c:399:6:receivedFromAOCS	8	static
../Core/Src/main.c:403:6:receivedFromPayload	8	static
../Core/Src/main.c:407:6:sendToBase	16	static
../Core/Src/main.c:418:6:Error_Handler	4	static,ignoring_inline_asm
